// Jest Snapshot v1, https://goo.gl/fbAQLP

exports[`App matches snapshot 1`] = `
<styled.section
  className="App"
>
  <styled.div>
    <GameSetup
      setGame={[Function]}
    />
    <Styled(styled.button)
      onClick={[Function]}
    >
      Leader Boards
    </Styled(styled.button)>
  </styled.div>
</styled.section>
`;
